// Jest Snapshot v1, https://goo.gl/fbAQLP

exports[`changes the img size when clicked 1`] = `
<div
  className="reviewphoto"
>
  <img
    className="thumbnails"
    onClick={[Function]}
    src="https://images.unsplash.com/photo-1515992854631-13â€¦hcHBfaWQiOjEyMDd9&auto=format&fit=crop&w=668&q=80"
  />
</div>
`;
