// Jest Snapshot v1, https://goo.gl/fbAQLP

exports[`ProductCharacteristic testing should exists 1`] = `
<div
  className="selected-star"
  onClick={[Function]}
>
  <span>
    5
     stars
    <span
      className="delete-selected"
    >
       âœ•
    </span>
  </span>
</div>
`;
